<w:p xmlns:w="http://schemas.openxmlformats.org/wordprocessingml/2006/main" xmlns:w14="http://schemas.microsoft.com/office/word/2010/wordml" xmlns:wpc="http://schemas.microsoft.com/office/word/2010/wordprocessingCanvas" xmlns:cx="http://schemas.microsoft.com/office/drawing/2014/chartex" xmlns:cx1="http://schemas.microsoft.com/office/drawing/2015/9/8/chartex" xmlns:cx2="http://schemas.microsoft.com/office/drawing/2015/10/21/chartex" xmlns:cx3="http://schemas.microsoft.com/office/drawing/2016/5/9/chartex" xmlns:cx4="http://schemas.microsoft.com/office/drawing/2016/5/10/chartex" xmlns:cx5="http://schemas.microsoft.com/office/drawing/2016/5/11/chartex" xmlns:cx6="http://schemas.microsoft.com/office/drawing/2016/5/12/chartex" xmlns:cx7="http://schemas.microsoft.com/office/drawing/2016/5/13/chartex" xmlns:cx8="http://schemas.microsoft.com/office/drawing/2016/5/14/chartex" xmlns:mc="http://schemas.openxmlformats.org/markup-compatibility/2006" xmlns:aink="http://schemas.microsoft.com/office/drawing/2016/ink" xmlns:am3d="http://schemas.microsoft.com/office/drawing/2017/model3d" xmlns:o="urn:schemas-microsoft-com:office:office" xmlns:r="http://schemas.openxmlformats.org/officeDocument/2006/relationships" xmlns:m="http://schemas.openxmlformats.org/officeDocument/2006/math" xmlns:v="urn:schemas-microsoft-com:vml" xmlns:wp14="http://schemas.microsoft.com/office/word/2010/wordprocessingDrawing" xmlns:wp="http://schemas.openxmlformats.org/drawingml/2006/wordprocessingDrawing" xmlns:w10="urn:schemas-microsoft-com:office:word" xmlns:w15="http://schemas.microsoft.com/office/word/2012/wordml" xmlns:w16cex="http://schemas.microsoft.com/office/word/2018/wordml/cex" xmlns:w16cid="http://schemas.microsoft.com/office/word/2016/wordml/cid" xmlns:w16="http://schemas.microsoft.com/office/word/2018/wordml" xmlns:w16sdtdh="http://schemas.microsoft.com/office/word/2020/wordml/sdtdatahash" xmlns:w16se="http://schemas.microsoft.com/office/word/2015/wordml/symex" xmlns:wpg="http://schemas.microsoft.com/office/word/2010/wordprocessingGroup" xmlns:wpi="http://schemas.microsoft.com/office/word/2010/wordprocessingInk" xmlns:wne="http://schemas.microsoft.com/office/word/2006/wordml" xmlns:wps="http://schemas.microsoft.com/office/word/2010/wordprocessingShape" w14:paraId="1E8C136F" w14:textId="0A7C261C" w:rsidR="007F39CC" w:rsidRPr="003953BC" w:rsidRDefault="007F39CC" w:rsidP="007F39CC">
  <w:pPr>
    <w:pStyle w:val="NormalWeb"/>
    <w:shd w:val="clear" w:color="auto" w:fill="FFFFFF"/>
    <w:spacing w:before="0" w:beforeAutospacing="0" w:after="225" w:afterAutospacing="0"/>
    <w:jc w:val="both"/>
    <w:rPr>
      <w:rFonts w:ascii="Arial" w:hAnsi="Arial" w:cs="Arial"/>
      <w:color w:val="000000"/>
      <w:sz w:val="21"/>
      <w:szCs w:val="21"/>
    </w:rPr>
  </w:pPr>
  <w:r w:rsidRPr="003953BC">
    <w:rPr>
      <w:rFonts w:ascii="Arial" w:hAnsi="Arial" w:cs="Arial"/>
      <w:color w:val="000000"/>
      <w:sz w:val="21"/>
      <w:szCs w:val="21"/>
    </w:rPr>
    <w:t xml:space="preserve">"Lorem ipsum dolor sit amet, consectetur </w:t>
  </w:r>
  <w:ins w:id="0" w:author="Alan Guedes" w:date="2022-03-03T09:10:00Z">
    <w:r w:rsidR="00FE65D1" w:rsidRPr="003953BC">
      <w:rPr>
        <w:rFonts w:ascii="Arial" w:hAnsi="Arial" w:cs="Arial"/>
        <w:color w:val="000000"/>
        <w:sz w:val="21"/>
        <w:szCs w:val="21"/>
      </w:rPr>
      <w:t>Lorem ipsum</w:t>
    </w:r>
  </w:ins>
  <w:del w:id="1" w:author="Alan Guedes" w:date="2022-03-03T09:10:00Z">
    <w:r w:rsidRPr="003953BC" w:rsidDel="00FE65D1">
      <w:rPr>
        <w:rFonts w:ascii="Arial" w:hAnsi="Arial" w:cs="Arial"/>
        <w:color w:val="000000"/>
        <w:sz w:val="21"/>
        <w:szCs w:val="21"/>
      </w:rPr>
      <w:delText xml:space="preserve">adipiscing </w:delText>
    </w:r>
  </w:del>
  <w:r w:rsidRPr="003953BC">
    <w:rPr>
      <w:rFonts w:ascii="Arial" w:hAnsi="Arial" w:cs="Arial"/>
      <w:color w:val="000000"/>
      <w:sz w:val="21"/>
      <w:szCs w:val="21"/>
    </w:rPr>
    <w:t>elit, sed do eiusmod tempor incididunt ut labore et dolore magna aliqua. Ut enim ad minim veniam, quis nostrud exercitation ullamco laboris nisi ut aliquip ex ea commodo consequat. Duis aute irure dolor in reprehenderit in voluptate velit esse cillum dolore eu fugiat nulla pariatur. Excepteur sint occaecat cupidatat non proident, sunt in culpa qui officia deserunt mollit anim id est laborum."</w:t>
  </w:r>
</w:p>

<w:p xmlns:w="http://schemas.openxmlformats.org/wordprocessingml/2006/main" xmlns:w14="http://schemas.microsoft.com/office/word/2010/wordml" xmlns:wpc="http://schemas.microsoft.com/office/word/2010/wordprocessingCanvas" xmlns:cx="http://schemas.microsoft.com/office/drawing/2014/chartex" xmlns:cx1="http://schemas.microsoft.com/office/drawing/2015/9/8/chartex" xmlns:cx2="http://schemas.microsoft.com/office/drawing/2015/10/21/chartex" xmlns:cx3="http://schemas.microsoft.com/office/drawing/2016/5/9/chartex" xmlns:cx4="http://schemas.microsoft.com/office/drawing/2016/5/10/chartex" xmlns:cx5="http://schemas.microsoft.com/office/drawing/2016/5/11/chartex" xmlns:cx6="http://schemas.microsoft.com/office/drawing/2016/5/12/chartex" xmlns:cx7="http://schemas.microsoft.com/office/drawing/2016/5/13/chartex" xmlns:cx8="http://schemas.microsoft.com/office/drawing/2016/5/14/chartex" xmlns:mc="http://schemas.openxmlformats.org/markup-compatibility/2006" xmlns:aink="http://schemas.microsoft.com/office/drawing/2016/ink" xmlns:am3d="http://schemas.microsoft.com/office/drawing/2017/model3d" xmlns:o="urn:schemas-microsoft-com:office:office" xmlns:r="http://schemas.openxmlformats.org/officeDocument/2006/relationships" xmlns:m="http://schemas.openxmlformats.org/officeDocument/2006/math" xmlns:v="urn:schemas-microsoft-com:vml" xmlns:wp14="http://schemas.microsoft.com/office/word/2010/wordprocessingDrawing" xmlns:wp="http://schemas.openxmlformats.org/drawingml/2006/wordprocessingDrawing" xmlns:w10="urn:schemas-microsoft-com:office:word" xmlns:w15="http://schemas.microsoft.com/office/word/2012/wordml" xmlns:w16cex="http://schemas.microsoft.com/office/word/2018/wordml/cex" xmlns:w16cid="http://schemas.microsoft.com/office/word/2016/wordml/cid" xmlns:w16="http://schemas.microsoft.com/office/word/2018/wordml" xmlns:w16sdtdh="http://schemas.microsoft.com/office/word/2020/wordml/sdtdatahash" xmlns:w16se="http://schemas.microsoft.com/office/word/2015/wordml/symex" xmlns:wpg="http://schemas.microsoft.com/office/word/2010/wordprocessingGroup" xmlns:wpi="http://schemas.microsoft.com/office/word/2010/wordprocessingInk" xmlns:wne="http://schemas.microsoft.com/office/word/2006/wordml" xmlns:wps="http://schemas.microsoft.com/office/word/2010/wordprocessingShape" w14:paraId="4FE8DD12" w14:textId="2287FDEA" w:rsidR="007F39CC" w:rsidRPr="003953BC" w:rsidRDefault="007F39CC" w:rsidP="007F39CC">
  <w:pPr>
    <w:pStyle w:val="NormalWeb"/>
    <w:shd w:val="clear" w:color="auto" w:fill="FFFFFF"/>
    <w:spacing w:before="0" w:beforeAutospacing="0" w:after="225" w:afterAutospacing="0"/>
    <w:jc w:val="both"/>
    <w:rPr>
      <w:rFonts w:ascii="Arial" w:hAnsi="Arial" w:cs="Arial"/>
      <w:color w:val="000000"/>
      <w:sz w:val="21"/>
      <w:szCs w:val="21"/>
    </w:rPr>
  </w:pPr>
  <w:r w:rsidRPr="003953BC">
    <w:rPr>
      <w:rFonts w:ascii="Arial" w:hAnsi="Arial" w:cs="Arial"/>
      <w:color w:val="000000"/>
      <w:sz w:val="21"/>
      <w:szCs w:val="21"/>
    </w:rPr>
    <w:t>"Lorem ipsum dolor sit amet, consectetur adipiscing</w:t>
  </w:r>
  <w:ins w:id="2" w:author="Alan Guedes" w:date="2022-03-03T09:10:00Z">
    <w:r w:rsidR="00FE65D1" w:rsidRPr="003953BC">
      <w:rPr>
        <w:rFonts w:ascii="Arial" w:hAnsi="Arial" w:cs="Arial"/>
        <w:color w:val="000000"/>
        <w:sz w:val="21"/>
        <w:szCs w:val="21"/>
      </w:rPr>
      <w:t>s</w:t>
    </w:r>
  </w:ins>
  <w:r w:rsidRPr="003953BC">
    <w:rPr>
      <w:rFonts w:ascii="Arial" w:hAnsi="Arial" w:cs="Arial"/>
      <w:color w:val="000000"/>
      <w:sz w:val="21"/>
      <w:szCs w:val="21"/>
    </w:rPr>
    <w:t xml:space="preserve"> elit, sed do eiusmod tempor incididunt ut labore et dolore magna aliqua. Ut enim ad minim </w:t>
  </w:r>
  <w:ins w:id="3" w:author="Alan Guedes" w:date="2022-03-03T09:10:00Z">
    <w:r w:rsidR="00FE65D1" w:rsidRPr="003953BC">
      <w:rPr>
        <w:rFonts w:ascii="Arial" w:hAnsi="Arial" w:cs="Arial"/>
        <w:color w:val="000000"/>
        <w:sz w:val="21"/>
        <w:szCs w:val="21"/>
      </w:rPr>
      <w:t xml:space="preserve">do </w:t>
    </w:r>
  </w:ins>
  <w:r w:rsidRPr="003953BC">
    <w:rPr>
      <w:rFonts w:ascii="Arial" w:hAnsi="Arial" w:cs="Arial"/>
      <w:color w:val="000000"/>
      <w:sz w:val="21"/>
      <w:szCs w:val="21"/>
    </w:rPr>
    <w:t>veniam, quis nostrud exercitation ullamco laboris nisi ut aliquip ex ea commodo consequat. Duis aute irure dolor in reprehenderit in voluptate velit esse cillum dolore eu fugiat nulla pariatur. Excepteur sint occaecat cupidatat non proident, sunt in culpa qui officia deserunt mollit anim id est laborum."</w:t>
  </w:r>
</w:p>

<w:p xmlns:w="http://schemas.openxmlformats.org/wordprocessingml/2006/main" xmlns:w14="http://schemas.microsoft.com/office/word/2010/wordml" xmlns:wpc="http://schemas.microsoft.com/office/word/2010/wordprocessingCanvas" xmlns:cx="http://schemas.microsoft.com/office/drawing/2014/chartex" xmlns:cx1="http://schemas.microsoft.com/office/drawing/2015/9/8/chartex" xmlns:cx2="http://schemas.microsoft.com/office/drawing/2015/10/21/chartex" xmlns:cx3="http://schemas.microsoft.com/office/drawing/2016/5/9/chartex" xmlns:cx4="http://schemas.microsoft.com/office/drawing/2016/5/10/chartex" xmlns:cx5="http://schemas.microsoft.com/office/drawing/2016/5/11/chartex" xmlns:cx6="http://schemas.microsoft.com/office/drawing/2016/5/12/chartex" xmlns:cx7="http://schemas.microsoft.com/office/drawing/2016/5/13/chartex" xmlns:cx8="http://schemas.microsoft.com/office/drawing/2016/5/14/chartex" xmlns:mc="http://schemas.openxmlformats.org/markup-compatibility/2006" xmlns:aink="http://schemas.microsoft.com/office/drawing/2016/ink" xmlns:am3d="http://schemas.microsoft.com/office/drawing/2017/model3d" xmlns:o="urn:schemas-microsoft-com:office:office" xmlns:r="http://schemas.openxmlformats.org/officeDocument/2006/relationships" xmlns:m="http://schemas.openxmlformats.org/officeDocument/2006/math" xmlns:v="urn:schemas-microsoft-com:vml" xmlns:wp14="http://schemas.microsoft.com/office/word/2010/wordprocessingDrawing" xmlns:wp="http://schemas.openxmlformats.org/drawingml/2006/wordprocessingDrawing" xmlns:w10="urn:schemas-microsoft-com:office:word" xmlns:w15="http://schemas.microsoft.com/office/word/2012/wordml" xmlns:w16cex="http://schemas.microsoft.com/office/word/2018/wordml/cex" xmlns:w16cid="http://schemas.microsoft.com/office/word/2016/wordml/cid" xmlns:w16="http://schemas.microsoft.com/office/word/2018/wordml" xmlns:w16sdtdh="http://schemas.microsoft.com/office/word/2020/wordml/sdtdatahash" xmlns:w16se="http://schemas.microsoft.com/office/word/2015/wordml/symex" xmlns:wpg="http://schemas.microsoft.com/office/word/2010/wordprocessingGroup" xmlns:wpi="http://schemas.microsoft.com/office/word/2010/wordprocessingInk" xmlns:wne="http://schemas.microsoft.com/office/word/2006/wordml" xmlns:wps="http://schemas.microsoft.com/office/word/2010/wordprocessingShape" w14:paraId="0C733193" w14:textId="5DE57768" w:rsidR="007F39CC" w:rsidRPr="003953BC" w:rsidRDefault="007F39CC" w:rsidP="007F39CC">
  <w:pPr>
    <w:pStyle w:val="NormalWeb"/>
    <w:shd w:val="clear" w:color="auto" w:fill="FFFFFF"/>
    <w:spacing w:before="0" w:beforeAutospacing="0" w:after="225" w:afterAutospacing="0"/>
    <w:jc w:val="both"/>
    <w:rPr>
      <w:rFonts w:ascii="Arial" w:hAnsi="Arial" w:cs="Arial"/>
      <w:color w:val="000000"/>
      <w:sz w:val="21"/>
      <w:szCs w:val="21"/>
    </w:rPr>
  </w:pPr>
  <w:r w:rsidRPr="003953BC">
    <w:rPr>
      <w:rFonts w:ascii="Arial" w:hAnsi="Arial" w:cs="Arial"/>
      <w:color w:val="000000"/>
      <w:sz w:val="21"/>
      <w:szCs w:val="21"/>
    </w:rPr>
    <w:t xml:space="preserve">"Lorem ipsum dolor sit amet, consectetur adipiscing elit, sed do eiusmod tempor incididunt ut labore et dolore magna aliqua. Ut enim ad minim </w:t>
  </w:r>
  <w:ins w:id="4" w:author="Alan Guedes" w:date="2022-03-03T09:10:00Z">
    <w:r w:rsidR="00FE65D1" w:rsidRPr="003953BC">
      <w:rPr>
        <w:rFonts w:ascii="Arial" w:hAnsi="Arial" w:cs="Arial"/>
        <w:color w:val="000000"/>
        <w:sz w:val="21"/>
        <w:szCs w:val="21"/>
      </w:rPr>
      <w:t xml:space="preserve">Lorem </w:t>
    </w:r>
  </w:ins>
  <w:r w:rsidRPr="003953BC">
    <w:rPr>
      <w:rFonts w:ascii="Arial" w:hAnsi="Arial" w:cs="Arial"/>
      <w:color w:val="000000"/>
      <w:sz w:val="21"/>
      <w:szCs w:val="21"/>
    </w:rPr>
    <w:t>veniam</w:t>
  </w:r>
  <w:ins w:id="5" w:author="Alan Guedes" w:date="2022-03-03T09:10:00Z">
    <w:r w:rsidR="00FE65D1" w:rsidRPr="003953BC">
      <w:rPr>
        <w:rFonts w:ascii="Arial" w:hAnsi="Arial" w:cs="Arial"/>
        <w:color w:val="000000"/>
        <w:sz w:val="21"/>
        <w:szCs w:val="21"/>
      </w:rPr>
      <w:t xml:space="preserve"> </w:t>
    </w:r>
    <w:r w:rsidR="00FE65D1" w:rsidRPr="003953BC">
      <w:rPr>
        <w:rFonts w:ascii="Arial" w:hAnsi="Arial" w:cs="Arial"/>
        <w:color w:val="000000"/>
        <w:sz w:val="21"/>
        <w:szCs w:val="21"/>
      </w:rPr>
      <w:t>ipsum</w:t>
    </w:r>
  </w:ins>
  <w:r w:rsidRPr="003953BC">
    <w:rPr>
      <w:rFonts w:ascii="Arial" w:hAnsi="Arial" w:cs="Arial"/>
      <w:color w:val="000000"/>
      <w:sz w:val="21"/>
      <w:szCs w:val="21"/>
    </w:rPr>
    <w:t>, quis nostrud exercitation ullamco laboris nisi ut aliquip ex ea commodo consequat. Duis aute irure dolor in reprehenderit in voluptate velit esse cillum dolore eu fugiat nulla pariatur. Excepteur sint occaecat cupidatat non proident, sunt in culpa qui officia deserunt mollit anim id est laborum."</w:t>
  </w:r>
</w:p>

<w:p xmlns:w="http://schemas.openxmlformats.org/wordprocessingml/2006/main" xmlns:w14="http://schemas.microsoft.com/office/word/2010/wordml" xmlns:wpc="http://schemas.microsoft.com/office/word/2010/wordprocessingCanvas" xmlns:cx="http://schemas.microsoft.com/office/drawing/2014/chartex" xmlns:cx1="http://schemas.microsoft.com/office/drawing/2015/9/8/chartex" xmlns:cx2="http://schemas.microsoft.com/office/drawing/2015/10/21/chartex" xmlns:cx3="http://schemas.microsoft.com/office/drawing/2016/5/9/chartex" xmlns:cx4="http://schemas.microsoft.com/office/drawing/2016/5/10/chartex" xmlns:cx5="http://schemas.microsoft.com/office/drawing/2016/5/11/chartex" xmlns:cx6="http://schemas.microsoft.com/office/drawing/2016/5/12/chartex" xmlns:cx7="http://schemas.microsoft.com/office/drawing/2016/5/13/chartex" xmlns:cx8="http://schemas.microsoft.com/office/drawing/2016/5/14/chartex" xmlns:mc="http://schemas.openxmlformats.org/markup-compatibility/2006" xmlns:aink="http://schemas.microsoft.com/office/drawing/2016/ink" xmlns:am3d="http://schemas.microsoft.com/office/drawing/2017/model3d" xmlns:o="urn:schemas-microsoft-com:office:office" xmlns:r="http://schemas.openxmlformats.org/officeDocument/2006/relationships" xmlns:m="http://schemas.openxmlformats.org/officeDocument/2006/math" xmlns:v="urn:schemas-microsoft-com:vml" xmlns:wp14="http://schemas.microsoft.com/office/word/2010/wordprocessingDrawing" xmlns:wp="http://schemas.openxmlformats.org/drawingml/2006/wordprocessingDrawing" xmlns:w10="urn:schemas-microsoft-com:office:word" xmlns:w15="http://schemas.microsoft.com/office/word/2012/wordml" xmlns:w16cex="http://schemas.microsoft.com/office/word/2018/wordml/cex" xmlns:w16cid="http://schemas.microsoft.com/office/word/2016/wordml/cid" xmlns:w16="http://schemas.microsoft.com/office/word/2018/wordml" xmlns:w16sdtdh="http://schemas.microsoft.com/office/word/2020/wordml/sdtdatahash" xmlns:w16se="http://schemas.microsoft.com/office/word/2015/wordml/symex" xmlns:wpg="http://schemas.microsoft.com/office/word/2010/wordprocessingGroup" xmlns:wpi="http://schemas.microsoft.com/office/word/2010/wordprocessingInk" xmlns:wne="http://schemas.microsoft.com/office/word/2006/wordml" xmlns:wps="http://schemas.microsoft.com/office/word/2010/wordprocessingShape" w14:paraId="43DDE9BE" w14:textId="751D1743" w:rsidR="007F39CC" w:rsidRPr="003953BC" w:rsidRDefault="007F39CC" w:rsidP="007F39CC">
  <w:pPr>
    <w:pStyle w:val="NormalWeb"/>
    <w:shd w:val="clear" w:color="auto" w:fill="FFFFFF"/>
    <w:spacing w:before="0" w:beforeAutospacing="0" w:after="225" w:afterAutospacing="0"/>
    <w:jc w:val="both"/>
    <w:rPr>
      <w:rFonts w:ascii="Arial" w:hAnsi="Arial" w:cs="Arial"/>
      <w:color w:val="000000"/>
      <w:sz w:val="21"/>
      <w:szCs w:val="21"/>
    </w:rPr>
  </w:pPr>
  <w:r w:rsidRPr="003953BC">
    <w:rPr>
      <w:rFonts w:ascii="Arial" w:hAnsi="Arial" w:cs="Arial"/>
      <w:color w:val="000000"/>
      <w:sz w:val="21"/>
      <w:szCs w:val="21"/>
    </w:rPr>
    <w:t xml:space="preserve">"Lorem ipsum dolor sit amet, consectetur </w:t>
  </w:r>
  <w:del w:id="6" w:author="Alan Guedes" w:date="2022-03-03T09:10:00Z">
    <w:r w:rsidRPr="003953BC" w:rsidDel="00FE65D1">
      <w:rPr>
        <w:rFonts w:ascii="Arial" w:hAnsi="Arial" w:cs="Arial"/>
        <w:color w:val="000000"/>
        <w:sz w:val="21"/>
        <w:szCs w:val="21"/>
      </w:rPr>
      <w:delText xml:space="preserve">adipiscing </w:delText>
    </w:r>
  </w:del>
  <w:r w:rsidRPr="003953BC">
    <w:rPr>
      <w:rFonts w:ascii="Arial" w:hAnsi="Arial" w:cs="Arial"/>
      <w:color w:val="000000"/>
      <w:sz w:val="21"/>
      <w:szCs w:val="21"/>
    </w:rPr>
    <w:t>elit, sed do eiusmod tempor incididunt ut labore et dolore magna aliqua. Ut enim ad minim veniam, quis nostrud exercitation ullamco laboris nisi ut aliquip ex ea commodo consequat. Duis aute irure dolor in reprehenderit in voluptate velit esse cillum dolore eu fugiat nulla pariatur. Excepteur sint occaecat cupidatat non proident, sunt in culpa qui officia deserunt mollit anim id est laborum."</w:t>
  </w:r>
</w:p>

<w:p xmlns:w="http://schemas.openxmlformats.org/wordprocessingml/2006/main" xmlns:w14="http://schemas.microsoft.com/office/word/2010/wordml" xmlns:wpc="http://schemas.microsoft.com/office/word/2010/wordprocessingCanvas" xmlns:cx="http://schemas.microsoft.com/office/drawing/2014/chartex" xmlns:cx1="http://schemas.microsoft.com/office/drawing/2015/9/8/chartex" xmlns:cx2="http://schemas.microsoft.com/office/drawing/2015/10/21/chartex" xmlns:cx3="http://schemas.microsoft.com/office/drawing/2016/5/9/chartex" xmlns:cx4="http://schemas.microsoft.com/office/drawing/2016/5/10/chartex" xmlns:cx5="http://schemas.microsoft.com/office/drawing/2016/5/11/chartex" xmlns:cx6="http://schemas.microsoft.com/office/drawing/2016/5/12/chartex" xmlns:cx7="http://schemas.microsoft.com/office/drawing/2016/5/13/chartex" xmlns:cx8="http://schemas.microsoft.com/office/drawing/2016/5/14/chartex" xmlns:mc="http://schemas.openxmlformats.org/markup-compatibility/2006" xmlns:aink="http://schemas.microsoft.com/office/drawing/2016/ink" xmlns:am3d="http://schemas.microsoft.com/office/drawing/2017/model3d" xmlns:o="urn:schemas-microsoft-com:office:office" xmlns:r="http://schemas.openxmlformats.org/officeDocument/2006/relationships" xmlns:m="http://schemas.openxmlformats.org/officeDocument/2006/math" xmlns:v="urn:schemas-microsoft-com:vml" xmlns:wp14="http://schemas.microsoft.com/office/word/2010/wordprocessingDrawing" xmlns:wp="http://schemas.openxmlformats.org/drawingml/2006/wordprocessingDrawing" xmlns:w10="urn:schemas-microsoft-com:office:word" xmlns:w15="http://schemas.microsoft.com/office/word/2012/wordml" xmlns:w16cex="http://schemas.microsoft.com/office/word/2018/wordml/cex" xmlns:w16cid="http://schemas.microsoft.com/office/word/2016/wordml/cid" xmlns:w16="http://schemas.microsoft.com/office/word/2018/wordml" xmlns:w16sdtdh="http://schemas.microsoft.com/office/word/2020/wordml/sdtdatahash" xmlns:w16se="http://schemas.microsoft.com/office/word/2015/wordml/symex" xmlns:wpg="http://schemas.microsoft.com/office/word/2010/wordprocessingGroup" xmlns:wpi="http://schemas.microsoft.com/office/word/2010/wordprocessingInk" xmlns:wne="http://schemas.microsoft.com/office/word/2006/wordml" xmlns:wps="http://schemas.microsoft.com/office/word/2010/wordprocessingShape" w14:paraId="2CE4806D" w14:textId="77777777" w:rsidR="00C0154B" w:rsidRPr="003953BC" w:rsidRDefault="00C0154B" w:rsidP="007F39CC">
  <w:pPr>
    <w:rPr>
      <w:lang w:val="en-US"/>
    </w:rPr>
  </w:pPr>
</w:p>

